2025-10-16 15:26:31 -0700 - dagster - DEBUG - __ASSET_JOB - fc5ab65c-f01c-4cd7-90d4-1bbfa6648f64 - 26080 - LOGS_CAPTURED - Started capturing logs in process (pid: 26080).
2025-10-16 15:26:31 -0700 - dagster - DEBUG - __ASSET_JOB - fc5ab65c-f01c-4cd7-90d4-1bbfa6648f64 - 26080 - sandiego__sandiego_epidemiology_forecast - STEP_START - Started execution of step "sandiego__sandiego_epidemiology_forecast".
/Users/valentin/development/dev_resilient/resilient_workflows_public/.venv/lib/python3.13/site-packages/dagster/_core/definitions/resolved_asset_deps.py:24: BetaWarning: Asset ["sandiego", "mpox_hyper_extraction"]'s dependency 'mpox_workbook_download' was resolved to upstream asset ["sandiego", "mpox_workbook_download"], because the name matches and they're in the same group. This is a beta functionality that may change in a future release is currently in beta, and may have breaking changes in minor version releases, with behavior changes in patch releases.
  self._deps_by_assets_def_id = resolve_assets_def_deps(assets_defs, source_assets)
2025-10-16 15:26:31 -0700 - dagster - DEBUG - system - Loading file from: /Users/valentin/development/dev_resilient/resilient_workflows_public/dev_resources/storage/storage/sandiego/sandiego_epidemiology_hyper_extraction using PickledObjectFilesystemIOManager...
2025-10-16 15:26:32 -0700 - dagster - INFO - __ASSET_JOB - fc5ab65c-f01c-4cd7-90d4-1bbfa6648f64 - sandiego__sandiego_epidemiology_forecast - Created configuration 58 for simulator 13
2025-10-16 15:26:32 -0700 - dagster - INFO - __ASSET_JOB - fc5ab65c-f01c-4cd7-90d4-1bbfa6648f64 - sandiego__sandiego_epidemiology_forecast - Created configuration: 58
2025-10-16 15:26:32 -0700 - dagster - INFO - __ASSET_JOB - fc5ab65c-f01c-4cd7-90d4-1bbfa6648f64 - sandiego__sandiego_epidemiology_forecast - Retrieved 13 simulators
2025-10-16 15:26:32 -0700 - dagster - INFO - __ASSET_JOB - fc5ab65c-f01c-4cd7-90d4-1bbfa6648f64 - sandiego__sandiego_epidemiology_forecast - Simulator 13 found
2025-10-16 15:26:32 -0700 - dagster - INFO - __ASSET_JOB - fc5ab65c-f01c-4cd7-90d4-1bbfa6648f64 - sandiego__sandiego_epidemiology_forecast - Started simulator 13 run with ID 61
2025-10-16 15:26:32 -0700 - dagster - INFO - __ASSET_JOB - fc5ab65c-f01c-4cd7-90d4-1bbfa6648f64 - sandiego__sandiego_epidemiology_forecast - Monitoring simulator 13 run 61 until completion
2025-10-16 15:26:32 -0700 - dagster - DEBUG - __ASSET_JOB - fc5ab65c-f01c-4cd7-90d4-1bbfa6648f64 - sandiego__sandiego_epidemiology_forecast - Simulator 13 run 61 status: PROGRESS
2025-10-16 15:26:32 -0700 - dagster - INFO - __ASSET_JOB - fc5ab65c-f01c-4cd7-90d4-1bbfa6648f64 - sandiego__sandiego_epidemiology_forecast - Simulator 13 run 61 still running (status: PROGRESS)
2025-10-16 15:27:02 -0700 - dagster - DEBUG - __ASSET_JOB - fc5ab65c-f01c-4cd7-90d4-1bbfa6648f64 - sandiego__sandiego_epidemiology_forecast - Simulator 13 run 61 status: PROGRESS
2025-10-16 15:27:02 -0700 - dagster - INFO - __ASSET_JOB - fc5ab65c-f01c-4cd7-90d4-1bbfa6648f64 - sandiego__sandiego_epidemiology_forecast - Simulator 13 run 61 still running (status: PROGRESS)
2025-10-16 15:27:32 -0700 - dagster - DEBUG - __ASSET_JOB - fc5ab65c-f01c-4cd7-90d4-1bbfa6648f64 - sandiego__sandiego_epidemiology_forecast - Simulator 13 run 61 status: PROGRESS
2025-10-16 15:27:32 -0700 - dagster - INFO - __ASSET_JOB - fc5ab65c-f01c-4cd7-90d4-1bbfa6648f64 - sandiego__sandiego_epidemiology_forecast - Simulator 13 run 61 still running (status: PROGRESS)
2025-10-16 15:28:03 -0700 - dagster - DEBUG - __ASSET_JOB - fc5ab65c-f01c-4cd7-90d4-1bbfa6648f64 - sandiego__sandiego_epidemiology_forecast - Simulator 13 run 61 status: PROGRESS
2025-10-16 15:28:03 -0700 - dagster - INFO - __ASSET_JOB - fc5ab65c-f01c-4cd7-90d4-1bbfa6648f64 - sandiego__sandiego_epidemiology_forecast - Simulator 13 run 61 still running (status: PROGRESS)
2025-10-16 15:28:33 -0700 - dagster - DEBUG - __ASSET_JOB - fc5ab65c-f01c-4cd7-90d4-1bbfa6648f64 - sandiego__sandiego_epidemiology_forecast - Simulator 13 run 61 status: PROGRESS
2025-10-16 15:28:33 -0700 - dagster - INFO - __ASSET_JOB - fc5ab65c-f01c-4cd7-90d4-1bbfa6648f64 - sandiego__sandiego_epidemiology_forecast - Simulator 13 run 61 still running (status: PROGRESS)
2025-10-16 15:29:03 -0700 - dagster - DEBUG - __ASSET_JOB - fc5ab65c-f01c-4cd7-90d4-1bbfa6648f64 - sandiego__sandiego_epidemiology_forecast - Simulator 13 run 61 status: PROGRESS
2025-10-16 15:29:03 -0700 - dagster - INFO - __ASSET_JOB - fc5ab65c-f01c-4cd7-90d4-1bbfa6648f64 - sandiego__sandiego_epidemiology_forecast - Simulator 13 run 61 still running (status: PROGRESS)
2025-10-16 15:29:33 -0700 - dagster - DEBUG - __ASSET_JOB - fc5ab65c-f01c-4cd7-90d4-1bbfa6648f64 - sandiego__sandiego_epidemiology_forecast - Simulator 13 run 61 status: PROGRESS
2025-10-16 15:29:33 -0700 - dagster - INFO - __ASSET_JOB - fc5ab65c-f01c-4cd7-90d4-1bbfa6648f64 - sandiego__sandiego_epidemiology_forecast - Simulator 13 run 61 still running (status: PROGRESS)
2025-10-16 15:30:03 -0700 - dagster - DEBUG - __ASSET_JOB - fc5ab65c-f01c-4cd7-90d4-1bbfa6648f64 - sandiego__sandiego_epidemiology_forecast - Simulator 13 run 61 status: PROGRESS
2025-10-16 15:30:03 -0700 - dagster - INFO - __ASSET_JOB - fc5ab65c-f01c-4cd7-90d4-1bbfa6648f64 - sandiego__sandiego_epidemiology_forecast - Simulator 13 run 61 still running (status: PROGRESS)
2025-10-16 15:30:33 -0700 - dagster - DEBUG - __ASSET_JOB - fc5ab65c-f01c-4cd7-90d4-1bbfa6648f64 - sandiego__sandiego_epidemiology_forecast - Simulator 13 run 61 status: PROGRESS
2025-10-16 15:30:33 -0700 - dagster - INFO - __ASSET_JOB - fc5ab65c-f01c-4cd7-90d4-1bbfa6648f64 - sandiego__sandiego_epidemiology_forecast - Simulator 13 run 61 still running (status: PROGRESS)
2025-10-16 15:31:03 -0700 - dagster - DEBUG - __ASSET_JOB - fc5ab65c-f01c-4cd7-90d4-1bbfa6648f64 - sandiego__sandiego_epidemiology_forecast - Simulator 13 run 61 status: PROGRESS
2025-10-16 15:31:03 -0700 - dagster - INFO - __ASSET_JOB - fc5ab65c-f01c-4cd7-90d4-1bbfa6648f64 - sandiego__sandiego_epidemiology_forecast - Simulator 13 run 61 still running (status: PROGRESS)
2025-10-16 15:31:33 -0700 - dagster - DEBUG - __ASSET_JOB - fc5ab65c-f01c-4cd7-90d4-1bbfa6648f64 - sandiego__sandiego_epidemiology_forecast - Simulator 13 run 61 status: PROGRESS
2025-10-16 15:31:33 -0700 - dagster - INFO - __ASSET_JOB - fc5ab65c-f01c-4cd7-90d4-1bbfa6648f64 - sandiego__sandiego_epidemiology_forecast - Simulator 13 run 61 still running (status: PROGRESS)
2025-10-16 15:32:03 -0700 - dagster - DEBUG - __ASSET_JOB - fc5ab65c-f01c-4cd7-90d4-1bbfa6648f64 - sandiego__sandiego_epidemiology_forecast - Simulator 13 run 61 status: PROGRESS
2025-10-16 15:32:03 -0700 - dagster - INFO - __ASSET_JOB - fc5ab65c-f01c-4cd7-90d4-1bbfa6648f64 - sandiego__sandiego_epidemiology_forecast - Simulator 13 run 61 still running (status: PROGRESS)
2025-10-16 15:32:33 -0700 - dagster - DEBUG - __ASSET_JOB - fc5ab65c-f01c-4cd7-90d4-1bbfa6648f64 - sandiego__sandiego_epidemiology_forecast - Simulator 13 run 61 status: PROGRESS
2025-10-16 15:32:33 -0700 - dagster - INFO - __ASSET_JOB - fc5ab65c-f01c-4cd7-90d4-1bbfa6648f64 - sandiego__sandiego_epidemiology_forecast - Simulator 13 run 61 still running (status: PROGRESS)
2025-10-16 15:33:03 -0700 - dagster - DEBUG - __ASSET_JOB - fc5ab65c-f01c-4cd7-90d4-1bbfa6648f64 - sandiego__sandiego_epidemiology_forecast - Simulator 13 run 61 status: PROGRESS
2025-10-16 15:33:03 -0700 - dagster - INFO - __ASSET_JOB - fc5ab65c-f01c-4cd7-90d4-1bbfa6648f64 - sandiego__sandiego_epidemiology_forecast - Simulator 13 run 61 still running (status: PROGRESS)
2025-10-16 15:33:33 -0700 - dagster - DEBUG - __ASSET_JOB - fc5ab65c-f01c-4cd7-90d4-1bbfa6648f64 - sandiego__sandiego_epidemiology_forecast - Simulator 13 run 61 status: PROGRESS
2025-10-16 15:33:33 -0700 - dagster - INFO - __ASSET_JOB - fc5ab65c-f01c-4cd7-90d4-1bbfa6648f64 - sandiego__sandiego_epidemiology_forecast - Simulator 13 run 61 still running (status: PROGRESS)
2025-10-16 15:34:03 -0700 - dagster - DEBUG - __ASSET_JOB - fc5ab65c-f01c-4cd7-90d4-1bbfa6648f64 - sandiego__sandiego_epidemiology_forecast - Simulator 13 run 61 status: PROGRESS
2025-10-16 15:34:03 -0700 - dagster - INFO - __ASSET_JOB - fc5ab65c-f01c-4cd7-90d4-1bbfa6648f64 - sandiego__sandiego_epidemiology_forecast - Simulator 13 run 61 still running (status: PROGRESS)
2025-10-16 15:34:34 -0700 - dagster - DEBUG - __ASSET_JOB - fc5ab65c-f01c-4cd7-90d4-1bbfa6648f64 - sandiego__sandiego_epidemiology_forecast - Simulator 13 run 61 status: PROGRESS
2025-10-16 15:34:34 -0700 - dagster - INFO - __ASSET_JOB - fc5ab65c-f01c-4cd7-90d4-1bbfa6648f64 - sandiego__sandiego_epidemiology_forecast - Simulator 13 run 61 still running (status: PROGRESS)
2025-10-16 15:35:04 -0700 - dagster - DEBUG - __ASSET_JOB - fc5ab65c-f01c-4cd7-90d4-1bbfa6648f64 - sandiego__sandiego_epidemiology_forecast - Simulator 13 run 61 status: PROGRESS
2025-10-16 15:35:04 -0700 - dagster - INFO - __ASSET_JOB - fc5ab65c-f01c-4cd7-90d4-1bbfa6648f64 - sandiego__sandiego_epidemiology_forecast - Simulator 13 run 61 still running (status: PROGRESS)
2025-10-16 15:35:34 -0700 - dagster - DEBUG - __ASSET_JOB - fc5ab65c-f01c-4cd7-90d4-1bbfa6648f64 - sandiego__sandiego_epidemiology_forecast - Simulator 13 run 61 status: PROGRESS
2025-10-16 15:35:34 -0700 - dagster - INFO - __ASSET_JOB - fc5ab65c-f01c-4cd7-90d4-1bbfa6648f64 - sandiego__sandiego_epidemiology_forecast - Simulator 13 run 61 still running (status: PROGRESS)
2025-10-16 15:36:04 -0700 - dagster - DEBUG - __ASSET_JOB - fc5ab65c-f01c-4cd7-90d4-1bbfa6648f64 - sandiego__sandiego_epidemiology_forecast - Simulator 13 run 61 status: PROGRESS
2025-10-16 15:36:04 -0700 - dagster - INFO - __ASSET_JOB - fc5ab65c-f01c-4cd7-90d4-1bbfa6648f64 - sandiego__sandiego_epidemiology_forecast - Simulator 13 run 61 still running (status: PROGRESS)
2025-10-16 15:36:34 -0700 - dagster - DEBUG - __ASSET_JOB - fc5ab65c-f01c-4cd7-90d4-1bbfa6648f64 - sandiego__sandiego_epidemiology_forecast - Simulator 13 run 61 status: PROGRESS
2025-10-16 15:36:34 -0700 - dagster - INFO - __ASSET_JOB - fc5ab65c-f01c-4cd7-90d4-1bbfa6648f64 - sandiego__sandiego_epidemiology_forecast - Simulator 13 run 61 still running (status: PROGRESS)
2025-10-16 15:37:04 -0700 - dagster - DEBUG - __ASSET_JOB - fc5ab65c-f01c-4cd7-90d4-1bbfa6648f64 - sandiego__sandiego_epidemiology_forecast - Simulator 13 run 61 status: PROGRESS
2025-10-16 15:37:04 -0700 - dagster - INFO - __ASSET_JOB - fc5ab65c-f01c-4cd7-90d4-1bbfa6648f64 - sandiego__sandiego_epidemiology_forecast - Simulator 13 run 61 still running (status: PROGRESS)
2025-10-16 15:37:34 -0700 - dagster - DEBUG - __ASSET_JOB - fc5ab65c-f01c-4cd7-90d4-1bbfa6648f64 - sandiego__sandiego_epidemiology_forecast - Simulator 13 run 61 status: PROGRESS
2025-10-16 15:37:34 -0700 - dagster - INFO - __ASSET_JOB - fc5ab65c-f01c-4cd7-90d4-1bbfa6648f64 - sandiego__sandiego_epidemiology_forecast - Simulator 13 run 61 still running (status: PROGRESS)
2025-10-16 15:38:04 -0700 - dagster - DEBUG - __ASSET_JOB - fc5ab65c-f01c-4cd7-90d4-1bbfa6648f64 - sandiego__sandiego_epidemiology_forecast - Simulator 13 run 61 status: PROGRESS
2025-10-16 15:38:04 -0700 - dagster - INFO - __ASSET_JOB - fc5ab65c-f01c-4cd7-90d4-1bbfa6648f64 - sandiego__sandiego_epidemiology_forecast - Simulator 13 run 61 still running (status: PROGRESS)
2025-10-16 15:38:34 -0700 - dagster - DEBUG - __ASSET_JOB - fc5ab65c-f01c-4cd7-90d4-1bbfa6648f64 - sandiego__sandiego_epidemiology_forecast - Simulator 13 run 61 status: PROGRESS
2025-10-16 15:38:34 -0700 - dagster - INFO - __ASSET_JOB - fc5ab65c-f01c-4cd7-90d4-1bbfa6648f64 - sandiego__sandiego_epidemiology_forecast - Simulator 13 run 61 still running (status: PROGRESS)
2025-10-16 15:39:04 -0700 - dagster - DEBUG - __ASSET_JOB - fc5ab65c-f01c-4cd7-90d4-1bbfa6648f64 - sandiego__sandiego_epidemiology_forecast - Simulator 13 run 61 status: SUCCESS
2025-10-16 15:39:04 -0700 - dagster - INFO - __ASSET_JOB - fc5ab65c-f01c-4cd7-90d4-1bbfa6648f64 - sandiego__sandiego_epidemiology_forecast - Simulator 13 run 61 completed successfully
2025-10-16 15:39:05 -0700 - dagster - DEBUG - __ASSET_JOB - fc5ab65c-f01c-4cd7-90d4-1bbfa6648f64 - 26080 - sandiego__sandiego_epidemiology_forecast - STEP_OUTPUT - Yielded output "result" of type "Any". (Type check passed).
2025-10-16 15:39:05 -0700 - dagster - DEBUG - __ASSET_JOB - fc5ab65c-f01c-4cd7-90d4-1bbfa6648f64 - sandiego__sandiego_epidemiology_forecast - Writing file at: /Users/valentin/development/dev_resilient/resilient_workflows_public/dev_resources/storage/storage/sandiego/sandiego_epidemiology_forecast using PickledObjectFilesystemIOManager...
2025-10-16 15:39:05 -0700 - dagster - DEBUG - __ASSET_JOB - fc5ab65c-f01c-4cd7-90d4-1bbfa6648f64 - 26080 - sandiego__sandiego_epidemiology_forecast - ASSET_MATERIALIZATION - Materialized value sandiego sandiego_epidemiology_forecast.
2025-10-16 15:39:05 -0700 - dagster - DEBUG - __ASSET_JOB - fc5ab65c-f01c-4cd7-90d4-1bbfa6648f64 - 26080 - sandiego__sandiego_epidemiology_forecast - HANDLED_OUTPUT - Handled output "result" using IO manager "io_manager"
2025-10-16 15:39:05 -0700 - dagster - DEBUG - __ASSET_JOB - fc5ab65c-f01c-4cd7-90d4-1bbfa6648f64 - 26080 - sandiego__sandiego_epidemiology_forecast - STEP_SUCCESS - Finished execution of step "sandiego__sandiego_epidemiology_forecast" in 12m33s.
