2025-10-16 14:24:50 -0700 - dagster - DEBUG - __ASSET_JOB - a097896e-4139-4446-bb88-1741acec3e70 - 22728 - LOGS_CAPTURED - Started capturing logs in process (pid: 22728).
2025-10-16 14:24:50 -0700 - dagster - DEBUG - __ASSET_JOB - a097896e-4139-4446-bb88-1741acec3e70 - 22728 - sandiego__sandiego_epidemiology_forecast - STEP_START - Started execution of step "sandiego__sandiego_epidemiology_forecast".
/Users/valentin/development/dev_resilient/resilient_workflows_public/.venv/lib/python3.13/site-packages/dagster/_core/definitions/resolved_asset_deps.py:24: BetaWarning: Asset ["sandiego", "sandiego_epidemiology_hyper_extraction"]'s dependency 'sandiego_epidemiology_workbook_download' was resolved to upstream asset ["sandiego", "sandiego_epidemiology_workbook_download"], because the name matches and they're in the same group. This is a beta functionality that may change in a future release is currently in beta, and may have breaking changes in minor version releases, with behavior changes in patch releases.
  self._deps_by_assets_def_id = resolve_assets_def_deps(assets_defs, source_assets)
2025-10-16 14:24:57 -0700 - dagster - DEBUG - system - Loading file from: /Users/valentin/development/dev_resilient/resilient_workflows_public/dev_resources/storage/storage/sandiego/sandiego_epidemiology_hyper_extraction using PickledObjectFilesystemIOManager...
2025-10-16 14:25:07 -0700 - dagster - INFO - __ASSET_JOB - a097896e-4139-4446-bb88-1741acec3e70 - sandiego__sandiego_epidemiology_forecast - Created configuration 56 for simulator 11
2025-10-16 14:25:07 -0700 - dagster - INFO - __ASSET_JOB - a097896e-4139-4446-bb88-1741acec3e70 - sandiego__sandiego_epidemiology_forecast - Created configuration: 56
2025-10-16 14:25:07 -0700 - dagster - INFO - __ASSET_JOB - a097896e-4139-4446-bb88-1741acec3e70 - sandiego__sandiego_epidemiology_forecast - Retrieved 12 simulators
2025-10-16 14:25:07 -0700 - dagster - INFO - __ASSET_JOB - a097896e-4139-4446-bb88-1741acec3e70 - sandiego__sandiego_epidemiology_forecast - Simulator 11 found
2025-10-16 14:25:11 -0700 - dagster - INFO - __ASSET_JOB - a097896e-4139-4446-bb88-1741acec3e70 - sandiego__sandiego_epidemiology_forecast - Started simulator 11 run with ID 59
2025-10-16 14:25:11 -0700 - dagster - INFO - __ASSET_JOB - a097896e-4139-4446-bb88-1741acec3e70 - sandiego__sandiego_epidemiology_forecast - Monitoring simulator 11 run 59 until completion
2025-10-16 14:25:11 -0700 - dagster - DEBUG - __ASSET_JOB - a097896e-4139-4446-bb88-1741acec3e70 - sandiego__sandiego_epidemiology_forecast - Simulator 11 run 59 status: PROGRESS
2025-10-16 14:25:11 -0700 - dagster - INFO - __ASSET_JOB - a097896e-4139-4446-bb88-1741acec3e70 - sandiego__sandiego_epidemiology_forecast - Simulator 11 run 59 still running (status: PROGRESS)
2025-10-16 14:25:41 -0700 - dagster - DEBUG - __ASSET_JOB - a097896e-4139-4446-bb88-1741acec3e70 - sandiego__sandiego_epidemiology_forecast - Simulator 11 run 59 status: PROGRESS
2025-10-16 14:25:41 -0700 - dagster - INFO - __ASSET_JOB - a097896e-4139-4446-bb88-1741acec3e70 - sandiego__sandiego_epidemiology_forecast - Simulator 11 run 59 still running (status: PROGRESS)
2025-10-16 14:26:11 -0700 - dagster - DEBUG - __ASSET_JOB - a097896e-4139-4446-bb88-1741acec3e70 - sandiego__sandiego_epidemiology_forecast - Simulator 11 run 59 status: PROGRESS
2025-10-16 14:26:11 -0700 - dagster - INFO - __ASSET_JOB - a097896e-4139-4446-bb88-1741acec3e70 - sandiego__sandiego_epidemiology_forecast - Simulator 11 run 59 still running (status: PROGRESS)
2025-10-16 14:26:42 -0700 - dagster - DEBUG - __ASSET_JOB - a097896e-4139-4446-bb88-1741acec3e70 - sandiego__sandiego_epidemiology_forecast - Simulator 11 run 59 status: PROGRESS
2025-10-16 14:26:42 -0700 - dagster - INFO - __ASSET_JOB - a097896e-4139-4446-bb88-1741acec3e70 - sandiego__sandiego_epidemiology_forecast - Simulator 11 run 59 still running (status: PROGRESS)
2025-10-16 14:27:12 -0700 - dagster - DEBUG - __ASSET_JOB - a097896e-4139-4446-bb88-1741acec3e70 - sandiego__sandiego_epidemiology_forecast - Simulator 11 run 59 status: PROGRESS
2025-10-16 14:27:12 -0700 - dagster - INFO - __ASSET_JOB - a097896e-4139-4446-bb88-1741acec3e70 - sandiego__sandiego_epidemiology_forecast - Simulator 11 run 59 still running (status: PROGRESS)
2025-10-16 14:27:42 -0700 - dagster - DEBUG - __ASSET_JOB - a097896e-4139-4446-bb88-1741acec3e70 - sandiego__sandiego_epidemiology_forecast - Simulator 11 run 59 status: PROGRESS
2025-10-16 14:27:42 -0700 - dagster - INFO - __ASSET_JOB - a097896e-4139-4446-bb88-1741acec3e70 - sandiego__sandiego_epidemiology_forecast - Simulator 11 run 59 still running (status: PROGRESS)
2025-10-16 14:28:12 -0700 - dagster - DEBUG - __ASSET_JOB - a097896e-4139-4446-bb88-1741acec3e70 - sandiego__sandiego_epidemiology_forecast - Simulator 11 run 59 status: PROGRESS
2025-10-16 14:28:12 -0700 - dagster - INFO - __ASSET_JOB - a097896e-4139-4446-bb88-1741acec3e70 - sandiego__sandiego_epidemiology_forecast - Simulator 11 run 59 still running (status: PROGRESS)
2025-10-16 14:28:42 -0700 - dagster - DEBUG - __ASSET_JOB - a097896e-4139-4446-bb88-1741acec3e70 - sandiego__sandiego_epidemiology_forecast - Simulator 11 run 59 status: PROGRESS
2025-10-16 14:28:42 -0700 - dagster - INFO - __ASSET_JOB - a097896e-4139-4446-bb88-1741acec3e70 - sandiego__sandiego_epidemiology_forecast - Simulator 11 run 59 still running (status: PROGRESS)
2025-10-16 14:29:12 -0700 - dagster - DEBUG - __ASSET_JOB - a097896e-4139-4446-bb88-1741acec3e70 - sandiego__sandiego_epidemiology_forecast - Simulator 11 run 59 status: PROGRESS
2025-10-16 14:29:12 -0700 - dagster - INFO - __ASSET_JOB - a097896e-4139-4446-bb88-1741acec3e70 - sandiego__sandiego_epidemiology_forecast - Simulator 11 run 59 still running (status: PROGRESS)
2025-10-16 14:29:42 -0700 - dagster - DEBUG - __ASSET_JOB - a097896e-4139-4446-bb88-1741acec3e70 - sandiego__sandiego_epidemiology_forecast - Simulator 11 run 59 status: PROGRESS
2025-10-16 14:29:42 -0700 - dagster - INFO - __ASSET_JOB - a097896e-4139-4446-bb88-1741acec3e70 - sandiego__sandiego_epidemiology_forecast - Simulator 11 run 59 still running (status: PROGRESS)
2025-10-16 14:30:12 -0700 - dagster - DEBUG - __ASSET_JOB - a097896e-4139-4446-bb88-1741acec3e70 - sandiego__sandiego_epidemiology_forecast - Simulator 11 run 59 status: PROGRESS
2025-10-16 14:30:12 -0700 - dagster - INFO - __ASSET_JOB - a097896e-4139-4446-bb88-1741acec3e70 - sandiego__sandiego_epidemiology_forecast - Simulator 11 run 59 still running (status: PROGRESS)
2025-10-16 14:30:42 -0700 - dagster - DEBUG - __ASSET_JOB - a097896e-4139-4446-bb88-1741acec3e70 - sandiego__sandiego_epidemiology_forecast - Simulator 11 run 59 status: PROGRESS
2025-10-16 14:30:43 -0700 - dagster - INFO - __ASSET_JOB - a097896e-4139-4446-bb88-1741acec3e70 - sandiego__sandiego_epidemiology_forecast - Simulator 11 run 59 still running (status: PROGRESS)
2025-10-16 14:31:13 -0700 - dagster - DEBUG - __ASSET_JOB - a097896e-4139-4446-bb88-1741acec3e70 - sandiego__sandiego_epidemiology_forecast - Simulator 11 run 59 status: PROGRESS
2025-10-16 14:31:13 -0700 - dagster - INFO - __ASSET_JOB - a097896e-4139-4446-bb88-1741acec3e70 - sandiego__sandiego_epidemiology_forecast - Simulator 11 run 59 still running (status: PROGRESS)
2025-10-16 14:31:43 -0700 - dagster - DEBUG - __ASSET_JOB - a097896e-4139-4446-bb88-1741acec3e70 - sandiego__sandiego_epidemiology_forecast - Simulator 11 run 59 status: PROGRESS
2025-10-16 14:31:43 -0700 - dagster - INFO - __ASSET_JOB - a097896e-4139-4446-bb88-1741acec3e70 - sandiego__sandiego_epidemiology_forecast - Simulator 11 run 59 still running (status: PROGRESS)
2025-10-16 14:32:13 -0700 - dagster - DEBUG - __ASSET_JOB - a097896e-4139-4446-bb88-1741acec3e70 - sandiego__sandiego_epidemiology_forecast - Simulator 11 run 59 status: PROGRESS
2025-10-16 14:32:13 -0700 - dagster - INFO - __ASSET_JOB - a097896e-4139-4446-bb88-1741acec3e70 - sandiego__sandiego_epidemiology_forecast - Simulator 11 run 59 still running (status: PROGRESS)
2025-10-16 14:32:43 -0700 - dagster - DEBUG - __ASSET_JOB - a097896e-4139-4446-bb88-1741acec3e70 - sandiego__sandiego_epidemiology_forecast - Simulator 11 run 59 status: PROGRESS
2025-10-16 14:32:43 -0700 - dagster - INFO - __ASSET_JOB - a097896e-4139-4446-bb88-1741acec3e70 - sandiego__sandiego_epidemiology_forecast - Simulator 11 run 59 still running (status: PROGRESS)
2025-10-16 14:33:13 -0700 - dagster - DEBUG - __ASSET_JOB - a097896e-4139-4446-bb88-1741acec3e70 - sandiego__sandiego_epidemiology_forecast - Simulator 11 run 59 status: PROGRESS
2025-10-16 14:33:13 -0700 - dagster - INFO - __ASSET_JOB - a097896e-4139-4446-bb88-1741acec3e70 - sandiego__sandiego_epidemiology_forecast - Simulator 11 run 59 still running (status: PROGRESS)
2025-10-16 14:33:43 -0700 - dagster - DEBUG - __ASSET_JOB - a097896e-4139-4446-bb88-1741acec3e70 - sandiego__sandiego_epidemiology_forecast - Simulator 11 run 59 status: PROGRESS
2025-10-16 14:33:43 -0700 - dagster - INFO - __ASSET_JOB - a097896e-4139-4446-bb88-1741acec3e70 - sandiego__sandiego_epidemiology_forecast - Simulator 11 run 59 still running (status: PROGRESS)
2025-10-16 14:34:13 -0700 - dagster - DEBUG - __ASSET_JOB - a097896e-4139-4446-bb88-1741acec3e70 - sandiego__sandiego_epidemiology_forecast - Simulator 11 run 59 status: PROGRESS
2025-10-16 14:34:13 -0700 - dagster - INFO - __ASSET_JOB - a097896e-4139-4446-bb88-1741acec3e70 - sandiego__sandiego_epidemiology_forecast - Simulator 11 run 59 still running (status: PROGRESS)
2025-10-16 14:34:43 -0700 - dagster - DEBUG - __ASSET_JOB - a097896e-4139-4446-bb88-1741acec3e70 - sandiego__sandiego_epidemiology_forecast - Simulator 11 run 59 status: PROGRESS
2025-10-16 14:34:43 -0700 - dagster - INFO - __ASSET_JOB - a097896e-4139-4446-bb88-1741acec3e70 - sandiego__sandiego_epidemiology_forecast - Simulator 11 run 59 still running (status: PROGRESS)
2025-10-16 14:35:14 -0700 - dagster - DEBUG - __ASSET_JOB - a097896e-4139-4446-bb88-1741acec3e70 - sandiego__sandiego_epidemiology_forecast - Simulator 11 run 59 status: PROGRESS
2025-10-16 14:35:14 -0700 - dagster - INFO - __ASSET_JOB - a097896e-4139-4446-bb88-1741acec3e70 - sandiego__sandiego_epidemiology_forecast - Simulator 11 run 59 still running (status: PROGRESS)
2025-10-16 14:35:44 -0700 - dagster - DEBUG - __ASSET_JOB - a097896e-4139-4446-bb88-1741acec3e70 - sandiego__sandiego_epidemiology_forecast - Simulator 11 run 59 status: PROGRESS
2025-10-16 14:35:44 -0700 - dagster - INFO - __ASSET_JOB - a097896e-4139-4446-bb88-1741acec3e70 - sandiego__sandiego_epidemiology_forecast - Simulator 11 run 59 still running (status: PROGRESS)
2025-10-16 14:35:46 -0700 - dagster - ERROR - __ASSET_JOB - a097896e-4139-4446-bb88-1741acec3e70 - 22728 - sandiego__sandiego_epidemiology_forecast - STEP_FAILURE - Execution of step "sandiego__sandiego_epidemiology_forecast" failed.

dagster._core.errors.DagsterExecutionInterruptedError

Stack Trace:
  File "/Users/valentin/development/dev_resilient/resilient_workflows_public/.venv/lib/python3.13/site-packages/dagster/_core/execution/plan/execute_plan.py", line 247, in dagster_event_sequence_for_step
    yield from check.generator(step_events)
  File "/Users/valentin/development/dev_resilient/resilient_workflows_public/.venv/lib/python3.13/site-packages/dagster/_core/execution/plan/execute_step.py", line 504, in core_dagster_event_sequence_for_step
    for user_event in _step_output_error_checked_user_event_sequence(
                      ~~~~~~~~~~~~~~~~~~~~~~~~~~~~~~~~~~~~~~~~~~~~~~^
        step_context,
        ^^^^^^^^^^^^^
        _process_asset_results_to_events(step_context, user_event_sequence),
        ^^^^^^^^^^^^^^^^^^^^^^^^^^^^^^^^^^^^^^^^^^^^^^^^^^^^^^^^^^^^^^^^^^^^
    ):
    ^
  File "/Users/valentin/development/dev_resilient/resilient_workflows_public/.venv/lib/python3.13/site-packages/dagster/_core/execution/plan/execute_step.py", line 183, in _step_output_error_checked_user_event_sequence
    for user_event in user_event_sequence:
                      ^^^^^^^^^^^^^^^^^^^
  File "/Users/valentin/development/dev_resilient/resilient_workflows_public/.venv/lib/python3.13/site-packages/dagster/_core/execution/plan/execute_step.py", line 88, in _process_asset_results_to_events
    for user_event in user_event_sequence:
                      ^^^^^^^^^^^^^^^^^^^
  File "/Users/valentin/development/dev_resilient/resilient_workflows_public/.venv/lib/python3.13/site-packages/dagster/_core/execution/plan/compute.py", line 190, in execute_core_compute
    for step_output in _yield_compute_results(step_context, inputs, compute_fn, compute_context):
                       ~~~~~~~~~~~~~~~~~~~~~~^^^^^^^^^^^^^^^^^^^^^^^^^^^^^^^^^^^^^^^^^^^^^^^^^^^
  File "/Users/valentin/development/dev_resilient/resilient_workflows_public/.venv/lib/python3.13/site-packages/dagster/_core/execution/plan/compute.py", line 159, in _yield_compute_results
    for event in iterate_with_context(
                 ~~~~~~~~~~~~~~~~~~~~^
        lambda: op_execution_error_boundary(
        ^^^^^^^^^^^^^^^^^^^^^^^^^^^^^^^^^^^^
    ...<7 lines>...
        user_event_generator,
        ^^^^^^^^^^^^^^^^^^^^^
    ):
    ^
  File "/Users/valentin/development/dev_resilient/resilient_workflows_public/.venv/lib/python3.13/site-packages/dagster/_utils/__init__.py", line 392, in iterate_with_context
    next_output = next(iterator)
  File "/Users/valentin/development/dev_resilient/resilient_workflows_public/.venv/lib/python3.13/site-packages/dagster/_core/execution/plan/compute_generator.py", line 137, in _coerce_op_compute_fn_to_iterator
    result = invoke_compute_fn(
        fn, context, kwargs, context_arg_provided, config_arg_class, resource_arg_mapping
    )
  File "/Users/valentin/development/dev_resilient/resilient_workflows_public/.venv/lib/python3.13/site-packages/dagster/_core/execution/plan/compute_generator.py", line 117, in invoke_compute_fn
    return fn(context, **args_to_pass) if context_arg_provided else fn(**args_to_pass)
           ~~^^^^^^^^^^^^^^^^^^^^^^^^^
  File "/Users/valentin/development/dev_resilient/resilient_workflows_public/workflows/public/public/assets/sandiego_epidemiology_forecasts.py", line 236, in run_epidemic_simulation
    result = sims.run_simulator_workflow(
        simulator_pk=sims.RESILIENTSIMS_SIMULATOR_ID,
    ...<2 lines>...
        slack_resource=slack
    )
  File "/Users/valentin/development/dev_resilient/resilient_workflows_public/workflows/public/public/resources/resilientsims.py", line 360, in run_simulator_workflow
    final_status = self.monitor_run_until_completion(
        simulator_pk, run_id, slack_resource=slack_resource
    )
  File "/Users/valentin/development/dev_resilient/resilient_workflows_public/workflows/public/public/resources/resilientsims.py", line 302, in monitor_run_until_completion
    time.sleep(check_interval)
    ~~~~~~~~~~^^^^^^^^^^^^^^^^
  File "/Users/valentin/development/dev_resilient/resilient_workflows_public/.venv/lib/python3.13/site-packages/dagster/_utils/interrupts.py", line 83, in _new_signal_handler
    raise error_cls()

