2025-10-16 14:11:04 -0700 - dagster - DEBUG - __ASSET_JOB - 6ec85767-6fbe-49c9-8022-112fc0346d28 - 21923 - LOGS_CAPTURED - Started capturing logs in process (pid: 21923).
2025-10-16 14:11:04 -0700 - dagster - DEBUG - __ASSET_JOB - 6ec85767-6fbe-49c9-8022-112fc0346d28 - 21923 - sandiego__sandiego_epidemiology_forecast - STEP_START - Started execution of step "sandiego__sandiego_epidemiology_forecast".
/Users/valentin/development/dev_resilient/resilient_workflows_public/.venv/lib/python3.13/site-packages/dagster/_core/definitions/resolved_asset_deps.py:24: BetaWarning: Asset ["sandiego", "mpox_hyper_extraction"]'s dependency 'mpox_workbook_download' was resolved to upstream asset ["sandiego", "mpox_workbook_download"], because the name matches and they're in the same group. This is a beta functionality that may change in a future release is currently in beta, and may have breaking changes in minor version releases, with behavior changes in patch releases.
  self._deps_by_assets_def_id = resolve_assets_def_deps(assets_defs, source_assets)
2025-10-16 14:11:05 -0700 - dagster - DEBUG - system - Loading file from: /Users/valentin/development/dev_resilient/resilient_workflows_public/dev_resources/storage/storage/sandiego/sandiego_epidemiology_hyper_extraction using PickledObjectFilesystemIOManager...
2025-10-16 14:11:05 -0700 - dagster - ERROR - __ASSET_JOB - 6ec85767-6fbe-49c9-8022-112fc0346d28 - 21923 - sandiego__sandiego_epidemiology_forecast - STEP_FAILURE - Execution of step "sandiego__sandiego_epidemiology_forecast" failed.

dagster._core.errors.DagsterExecutionStepExecutionError: Error occurred while executing op "sandiego__sandiego_epidemiology_forecast"::

FileNotFoundError: [Errno 2] No such file or directory: '/Users/valentin/development/dev_resilient/resilient_workflows_public/dev_resources/storage/storage/sandiego/sandiego_epidemiology_hyper_extraction'

Stack Trace:
  File "/Users/valentin/development/dev_resilient/resilient_workflows_public/.venv/lib/python3.13/site-packages/dagster/_core/execution/plan/utils.py", line 57, in op_execution_error_boundary
    yield
  File "/Users/valentin/development/dev_resilient/resilient_workflows_public/.venv/lib/python3.13/site-packages/dagster/_utils/__init__.py", line 392, in iterate_with_context
    next_output = next(iterator)
  File "/Users/valentin/development/dev_resilient/resilient_workflows_public/.venv/lib/python3.13/site-packages/dagster/_core/execution/plan/compute_generator.py", line 137, in _coerce_op_compute_fn_to_iterator
    result = invoke_compute_fn(
        fn, context, kwargs, context_arg_provided, config_arg_class, resource_arg_mapping
    )
  File "/Users/valentin/development/dev_resilient/resilient_workflows_public/.venv/lib/python3.13/site-packages/dagster/_core/execution/plan/compute_generator.py", line 117, in invoke_compute_fn
    return fn(context, **args_to_pass) if context_arg_provided else fn(**args_to_pass)
           ~~^^^^^^^^^^^^^^^^^^^^^^^^^
  File "/Users/valentin/development/dev_resilient/resilient_workflows_public/workflows/public/public/assets/sandiego_epidemiology_forecasts.py", line 203, in run_epidemic_simulation
    hyper_metadata = context.repository_def.load_asset_value(AssetKey([f"sandiego", "sandiego_epidemiology_hyper_extraction"]))
  File "/Users/valentin/development/dev_resilient/resilient_workflows_public/.venv/lib/python3.13/site-packages/dagster/_core/definitions/repository_definition/repository_definition.py", line 395, in load_asset_value
    return loader.load_asset_value(
           ~~~~~~~~~~~~~~~~~~~~~~~^
        asset_key,
        ^^^^^^^^^^
    ...<3 lines>...
        resource_config=resource_config,
        ^^^^^^^^^^^^^^^^^^^^^^^^^^^^^^^^
    )
    ^
  File "/Users/valentin/development/dev_resilient/resilient_workflows_public/.venv/lib/python3.13/site-packages/dagster/_core/decorator_utils.py", line 195, in wrapped_with_pre_call_fn
    return fn(*args, **kwargs)
  File "/Users/valentin/development/dev_resilient/resilient_workflows_public/.venv/lib/python3.13/site-packages/dagster/_core/storage/asset_value_loader.py", line 173, in load_asset_value
    return io_manager.load_input(input_context)
           ~~~~~~~~~~~~~~~~~~~~~^^^^^^^^^^^^^^^
  File "/Users/valentin/development/dev_resilient/resilient_workflows_public/.venv/lib/python3.13/site-packages/dagster/_core/storage/upath_io_manager.py", line 406, in load_input
    return self._load_single_input(path, context)
           ~~~~~~~~~~~~~~~~~~~~~~~^^^^^^^^^^^^^^^
  File "/Users/valentin/development/dev_resilient/resilient_workflows_public/.venv/lib/python3.13/site-packages/dagster/_core/storage/upath_io_manager.py", line 273, in _load_single_input
    obj = self.load_from_path(context=context, path=path)
  File "/Users/valentin/development/dev_resilient/resilient_workflows_public/.venv/lib/python3.13/site-packages/dagster/_core/storage/fs_io_manager.py", line 284, in load_from_path
    with path.open("rb") as file:
         ~~~~~~~~~^^^^^^
  File "/Users/valentin/development/dev_resilient/resilient_workflows_public/.venv/lib/python3.13/site-packages/upath/implementations/local.py", line 134, in open
    return PosixPath.open(self, mode, buffering, encoding, errors, newline)
           ~~~~~~~~~~~~~~^^^^^^^^^^^^^^^^^^^^^^^^^^^^^^^^^^^^^^^^^^^^^^^^^^
  File "/usr/local/Cellar/python@3.13/3.13.2/Frameworks/Python.framework/Versions/3.13/lib/python3.13/pathlib/_local.py", line 537, in open
    return io.open(self, mode, buffering, encoding, errors, newline)
           ~~~~~~~^^^^^^^^^^^^^^^^^^^^^^^^^^^^^^^^^^^^^^^^^^^^^^^^^^

