2025-10-16 14:37:14 -0700 - dagster - DEBUG - __ASSET_JOB - 2af62975-de4a-4669-9125-a8c0826a6344 - 23556 - LOGS_CAPTURED - Started capturing logs in process (pid: 23556).
2025-10-16 14:37:14 -0700 - dagster - DEBUG - __ASSET_JOB - 2af62975-de4a-4669-9125-a8c0826a6344 - 23556 - sandiego__sandiego_epidemiology_forecast - STEP_START - Started execution of step "sandiego__sandiego_epidemiology_forecast".
/Users/valentin/development/dev_resilient/resilient_workflows_public/.venv/lib/python3.13/site-packages/dagster/_core/definitions/resolved_asset_deps.py:24: BetaWarning: Asset ["sandiego", "sandiego_epidemiology_hyper_extraction"]'s dependency 'sandiego_epidemiology_workbook_download' was resolved to upstream asset ["sandiego", "sandiego_epidemiology_workbook_download"], because the name matches and they're in the same group. This is a beta functionality that may change in a future release is currently in beta, and may have breaking changes in minor version releases, with behavior changes in patch releases.
  self._deps_by_assets_def_id = resolve_assets_def_deps(assets_defs, source_assets)
2025-10-16 14:37:21 -0700 - dagster - DEBUG - system - Loading file from: /Users/valentin/development/dev_resilient/resilient_workflows_public/dev_resources/storage/storage/sandiego/sandiego_epidemiology_hyper_extraction using PickledObjectFilesystemIOManager...
2025-10-16 14:37:22 -0700 - dagster - INFO - __ASSET_JOB - 2af62975-de4a-4669-9125-a8c0826a6344 - sandiego__sandiego_epidemiology_forecast - Created configuration 57 for simulator 11
2025-10-16 14:37:22 -0700 - dagster - INFO - __ASSET_JOB - 2af62975-de4a-4669-9125-a8c0826a6344 - sandiego__sandiego_epidemiology_forecast - Created configuration: 57
2025-10-16 14:37:22 -0700 - dagster - INFO - __ASSET_JOB - 2af62975-de4a-4669-9125-a8c0826a6344 - sandiego__sandiego_epidemiology_forecast - Retrieved 12 simulators
2025-10-16 14:37:22 -0700 - dagster - INFO - __ASSET_JOB - 2af62975-de4a-4669-9125-a8c0826a6344 - sandiego__sandiego_epidemiology_forecast - Simulator 11 found
2025-10-16 14:37:25 -0700 - dagster - INFO - __ASSET_JOB - 2af62975-de4a-4669-9125-a8c0826a6344 - sandiego__sandiego_epidemiology_forecast - Started simulator 11 run with ID 60
2025-10-16 14:37:25 -0700 - dagster - INFO - __ASSET_JOB - 2af62975-de4a-4669-9125-a8c0826a6344 - sandiego__sandiego_epidemiology_forecast - Monitoring simulator 11 run 60 until completion
2025-10-16 14:37:25 -0700 - dagster - DEBUG - __ASSET_JOB - 2af62975-de4a-4669-9125-a8c0826a6344 - sandiego__sandiego_epidemiology_forecast - Simulator 11 run 60 status: PROGRESS
2025-10-16 14:37:26 -0700 - dagster - INFO - __ASSET_JOB - 2af62975-de4a-4669-9125-a8c0826a6344 - sandiego__sandiego_epidemiology_forecast - Simulator 11 run 60 still running (status: PROGRESS)
2025-10-16 14:37:56 -0700 - dagster - DEBUG - __ASSET_JOB - 2af62975-de4a-4669-9125-a8c0826a6344 - sandiego__sandiego_epidemiology_forecast - Simulator 11 run 60 status: FAILURE
2025-10-16 14:37:56 -0700 - dagster - ERROR - __ASSET_JOB - 2af62975-de4a-4669-9125-a8c0826a6344 - sandiego__sandiego_epidemiology_forecast - Simulator 11 run 60 failed with status: FAILURE
2025-10-16 14:37:56 -0700 - dagster - WARNING - __ASSET_JOB - 2af62975-de4a-4669-9125-a8c0826a6344 - sandiego__sandiego_epidemiology_forecast - Failed to send Slack notification: 'function' object has no attribute 'chat_postMessage'
2025-10-16 14:37:56 -0700 - dagster - ERROR - __ASSET_JOB - 2af62975-de4a-4669-9125-a8c0826a6344 - 23556 - sandiego__sandiego_epidemiology_forecast - STEP_FAILURE - Execution of step "sandiego__sandiego_epidemiology_forecast" failed.

dagster._core.errors.DagsterExecutionStepExecutionError: Error occurred while executing op "sandiego__sandiego_epidemiology_forecast"::

RuntimeError: Simulator 11 run 60 failed with status: FAILURE

Stack Trace:
  File "/Users/valentin/development/dev_resilient/resilient_workflows_public/.venv/lib/python3.13/site-packages/dagster/_core/execution/plan/utils.py", line 57, in op_execution_error_boundary
    yield
  File "/Users/valentin/development/dev_resilient/resilient_workflows_public/.venv/lib/python3.13/site-packages/dagster/_utils/__init__.py", line 392, in iterate_with_context
    next_output = next(iterator)
  File "/Users/valentin/development/dev_resilient/resilient_workflows_public/.venv/lib/python3.13/site-packages/dagster/_core/execution/plan/compute_generator.py", line 137, in _coerce_op_compute_fn_to_iterator
    result = invoke_compute_fn(
        fn, context, kwargs, context_arg_provided, config_arg_class, resource_arg_mapping
    )
  File "/Users/valentin/development/dev_resilient/resilient_workflows_public/.venv/lib/python3.13/site-packages/dagster/_core/execution/plan/compute_generator.py", line 117, in invoke_compute_fn
    return fn(context, **args_to_pass) if context_arg_provided else fn(**args_to_pass)
           ~~^^^^^^^^^^^^^^^^^^^^^^^^^
  File "/Users/valentin/development/dev_resilient/resilient_workflows_public/workflows/public/public/assets/sandiego_epidemiology_forecasts.py", line 236, in run_epidemic_simulation
    result = sims.run_simulator_workflow(
        simulator_pk=sims.RESILIENTSIMS_SIMULATOR_ID,
    ...<2 lines>...
        slack_resource=slack
    )
  File "/Users/valentin/development/dev_resilient/resilient_workflows_public/workflows/public/public/resources/resilientsims.py", line 360, in run_simulator_workflow
    final_status = self.monitor_run_until_completion(
        simulator_pk, run_id, slack_resource=slack_resource
    )
  File "/Users/valentin/development/dev_resilient/resilient_workflows_public/workflows/public/public/resources/resilientsims.py", line 292, in monitor_run_until_completion
    raise RuntimeError(error_msg)

